bundle : C:/Ruby40-x64/lib/ruby/4.0.0/bundler/rubygems_integration.rb:215:in 
'block (2 levels) in Kernel#replace_gem': Error loading the 'sqlite3' Active 
Record adapter. Missing a gem it depends on? sqlite3 is not part of the 
bundle. Add it to your Gemfile. (LoadError)
At line:1 char:89
+ ... ect\project-next-step-assistant"; bundle exec rails test 2>&1 | tee t ...
+                                       ~~~~~~~~~~~~~~~~~~~~~~~~~~~
    + CategoryInfo          : NotSpecified: (C:/Ruby40-x64/l...le. (LoadError) 
   :String) [], RemoteException
    + FullyQualifiedErrorId : NativeCommandError
 
	from C:/Ruby40-x64/lib/ruby/gems/4.0.0/gems/activerecord-8.1.3/lib/active_reco
rd/connection_adapters/sqlite3_adapter.rb:14:in '<main>'
	from C:/Ruby40-x64/lib/ruby/4.0.0/bundled_gems.rb:60:in 'Kernel.require'
	from C:/Ruby40-x64/lib/ruby/4.0.0/bundled_gems.rb:60:in 'block (2 levels) in 
Kernel#replace_require'
	from C:/Ruby40-x64/lib/ruby/gems/4.0.0/gems/bootsnap-1.23.0/lib/bootsnap/load_
path_cache/core_ext/kernel_require.rb:33:in 'Kernel#require'
	from C:/Ruby40-x64/lib/ruby/gems/4.0.0/gems/zeitwerk-2.7.5/lib/zeitwerk/core_e
xt/kernel.rb:34:in 'Kernel#require'
	from C:/Ruby40-x64/lib/ruby/gems/4.0.0/gems/activerecord-8.1.3/lib/active_reco
rd/connection_adapters.rb:44:in 'ActiveRecord::ConnectionAdapters.resolve'
	from C:/Ruby40-x64/lib/ruby/gems/4.0.0/gems/activerecord-8.1.3/lib/active_reco
rd/database_configurations/database_config.rb:18:in 
'ActiveRecord::DatabaseConfigurations::DatabaseConfig#adapter_class'
	from C:/Ruby40-x64/lib/ruby/gems/4.0.0/gems/activerecord-8.1.3/lib/active_reco
rd/database_configurations/database_config.rb:30:in 
'ActiveRecord::DatabaseConfigurations::DatabaseConfig#validate!'
	from C:/Ruby40-x64/lib/ruby/gems/4.0.0/gems/activerecord-8.1.3/lib/active_reco
rd/connection_adapters/abstract/connection_handler.rb:275:in 
'ActiveRecord::ConnectionAdapters::ConnectionHandler#resolve_pool_config'
	from C:/Ruby40-x64/lib/ruby/gems/4.0.0/gems/activerecord-8.1.3/lib/active_reco
rd/connection_adapters/abstract/connection_handler.rb:118:in 
'ActiveRecord::ConnectionAdapters::ConnectionHandler#establish_connection'
	from C:/Ruby40-x64/lib/ruby/gems/4.0.0/gems/activerecord-8.1.3/lib/active_reco
rd/connection_handling.rb:53:in 
'ActiveRecord::ConnectionHandling#establish_connection'
	from C:/Ruby40-x64/lib/ruby/gems/4.0.0/gems/activerecord-8.1.3/lib/active_reco
rd/railtie.rb:265:in 'block (2 levels) in <class:Railtie>'
	from C:/Ruby40-x64/lib/ruby/gems/4.0.0/gems/activesupport-8.1.3/lib/active_sup
port/lazy_load_hooks.rb:97:in 'Module#class_eval'
	from C:/Ruby40-x64/lib/ruby/gems/4.0.0/gems/activesupport-8.1.3/lib/active_sup
port/lazy_load_hooks.rb:97:in 'block in 
ActiveSupport::LazyLoadHooks#execute_hook'
	from C:/Ruby40-x64/lib/ruby/gems/4.0.0/gems/activesupport-8.1.3/lib/active_sup
port/lazy_load_hooks.rb:87:in 
'ActiveSupport::LazyLoadHooks#with_execution_control'
	from C:/Ruby40-x64/lib/ruby/gems/4.0.0/gems/activesupport-8.1.3/lib/active_sup
port/lazy_load_hooks.rb:92:in 'ActiveSupport::LazyLoadHooks#execute_hook'
	from C:/Ruby40-x64/lib/ruby/gems/4.0.0/gems/activesupport-8.1.3/lib/active_sup
port/lazy_load_hooks.rb:78:in 'block in 
ActiveSupport::LazyLoadHooks#run_load_hooks'
	from C:/Ruby40-x64/lib/ruby/gems/4.0.0/gems/activesupport-8.1.3/lib/active_sup
port/lazy_load_hooks.rb:77:in 'Array#each'
	from C:/Ruby40-x64/lib/ruby/gems/4.0.0/gems/activesupport-8.1.3/lib/active_sup
port/lazy_load_hooks.rb:77:in 'ActiveSupport::LazyLoadHooks#run_load_hooks'
	from C:/Ruby40-x64/lib/ruby/gems/4.0.0/gems/activerecord-8.1.3/lib/active_reco
rd/base.rb:336:in '<module:ActiveRecord>'
	from C:/Ruby40-x64/lib/ruby/gems/4.0.0/gems/activerecord-8.1.3/lib/active_reco
rd/base.rb:15:in '<main>'
	from C:/Ruby40-x64/lib/ruby/4.0.0/bundled_gems.rb:60:in 'Kernel.require'
	from C:/Ruby40-x64/lib/ruby/4.0.0/bundled_gems.rb:60:in 'block (2 levels) in 
Kernel#replace_require'
	from C:/Ruby40-x64/lib/ruby/gems/4.0.0/gems/bootsnap-1.23.0/lib/bootsnap/load_
path_cache/core_ext/kernel_require.rb:33:in 'Kernel#require'
	from C:/Ruby40-x64/lib/ruby/gems/4.0.0/gems/zeitwerk-2.7.5/lib/zeitwerk/core_e
xt/kernel.rb:34:in 'Kernel#require'
	from C:/Ruby40-x64/lib/ruby/gems/4.0.0/gems/activerecord-8.1.3/lib/active_reco
rd/migration.rb:755:in 'ActiveRecord::Migration.db_configs_in_current_env'
	from C:/Ruby40-x64/lib/ruby/gems/4.0.0/gems/activerecord-8.1.3/lib/active_reco
rd/migration.rb:749:in 'ActiveRecord::Migration.any_schema_needs_update?'
	from C:/Ruby40-x64/lib/ruby/gems/4.0.0/gems/activerecord-8.1.3/lib/active_reco
rd/migration.rb:710:in 'ActiveRecord::Migration.load_schema_if_pending!'
	from C:/Ruby40-x64/lib/ruby/gems/4.0.0/gems/activerecord-8.1.3/lib/active_reco
rd/migration.rb:719:in 'block in ActiveRecord::Migration.maintain_test_schema!'
	from C:/Ruby40-x64/lib/ruby/gems/4.0.0/gems/activerecord-8.1.3/lib/active_reco
rd/migration.rb:1036:in 'ActiveRecord::Migration#suppress_messages'
	from C:/Ruby40-x64/lib/ruby/gems/4.0.0/gems/activerecord-8.1.3/lib/active_reco
rd/migration.rb:724:in 'ActiveRecord::Migration.method_missing'
	from C:/Ruby40-x64/lib/ruby/gems/4.0.0/gems/activerecord-8.1.3/lib/active_reco
rd/migration.rb:719:in 'ActiveRecord::Migration.maintain_test_schema!'
	from C:/Ruby40-x64/lib/ruby/gems/4.0.0/gems/railties-8.1.3/lib/rails/testing/m
aintain_test_schema.rb:5:in '<main>'
	from C:/Ruby40-x64/lib/ruby/4.0.0/bundled_gems.rb:60:in 'Kernel.require'
	from C:/Ruby40-x64/lib/ruby/4.0.0/bundled_gems.rb:60:in 'block (2 levels) in 
Kernel#replace_require'
	from C:/Ruby40-x64/lib/ruby/gems/4.0.0/gems/bootsnap-1.23.0/lib/bootsnap/load_
path_cache/core_ext/kernel_require.rb:33:in 'Kernel#require'
	from C:/Ruby40-x64/lib/ruby/gems/4.0.0/gems/zeitwerk-2.7.5/lib/zeitwerk/core_e
xt/kernel.rb:34:in 'Kernel#require'
	from C:/Ruby40-x64/lib/ruby/gems/4.0.0/gems/railties-8.1.3/lib/rails/test_help
.rb:13:in '<main>'
	from C:/Ruby40-x64/lib/ruby/4.0.0/bundled_gems.rb:60:in 'Kernel.require'
	from C:/Ruby40-x64/lib/ruby/4.0.0/bundled_gems.rb:60:in 'block (2 levels) in 
Kernel#replace_require'
	from C:/Ruby40-x64/lib/ruby/gems/4.0.0/gems/bootsnap-1.23.0/lib/bootsnap/load_
path_cache/core_ext/kernel_require.rb:33:in 'Kernel#require'
	from C:/Ruby40-x64/lib/ruby/gems/4.0.0/gems/zeitwerk-2.7.5/lib/zeitwerk/core_e
xt/kernel.rb:34:in 'Kernel#require'
	from C:/Users/wharr/OneDrive/Masters Spring CS 
397/Project/project-next-step-assistant/test/test_helper.rb:3:in '<main>'
	from C:/Ruby40-x64/lib/ruby/4.0.0/bundled_gems.rb:60:in 'Kernel.require'
	from C:/Ruby40-x64/lib/ruby/4.0.0/bundled_gems.rb:60:in 'block (2 levels) in 
Kernel#replace_require'
	from C:/Ruby40-x64/lib/ruby/gems/4.0.0/gems/bootsnap-1.23.0/lib/bootsnap/load_
path_cache/core_ext/kernel_require.rb:33:in 'Kernel#require'
	from C:/Ruby40-x64/lib/ruby/gems/4.0.0/gems/zeitwerk-2.7.5/lib/zeitwerk/core_e
xt/kernel.rb:34:in 'Kernel#require'
	from C:/Users/wharr/OneDrive/Masters Spring CS 397/Project/project-next-step-a
ssistant/test/controllers/home_controller_test.rb:1:in '<main>'
	from C:/Ruby40-x64/lib/ruby/4.0.0/bundled_gems.rb:60:in 'Kernel.require'
	from C:/Ruby40-x64/lib/ruby/4.0.0/bundled_gems.rb:60:in 'block (2 levels) in 
Kernel#replace_require'
	from C:/Ruby40-x64/lib/ruby/gems/4.0.0/gems/bootsnap-1.23.0/lib/bootsnap/load_
path_cache/core_ext/kernel_require.rb:33:in 'Kernel#require'
	from C:/Ruby40-x64/lib/ruby/gems/4.0.0/gems/zeitwerk-2.7.5/lib/zeitwerk/core_e
xt/kernel.rb:34:in 'Kernel#require'
	from C:/Ruby40-x64/lib/ruby/gems/4.0.0/gems/railties-8.1.3/lib/rails/test_unit
/runner.rb:71:in 'block in Rails::TestUnit::Runner.load_tests'
	from C:/Ruby40-x64/lib/ruby/gems/4.0.0/gems/railties-8.1.3/lib/rails/test_unit
/runner.rb:69:in 'Array#each'
	from C:/Ruby40-x64/lib/ruby/gems/4.0.0/gems/railties-8.1.3/lib/rails/test_unit
/runner.rb:69:in 'Rails::TestUnit::Runner.load_tests'
	from C:/Ruby40-x64/lib/ruby/gems/4.0.0/gems/railties-8.1.3/lib/minitest/rails_
plugin.rb:147:in 'block in Minitest.plugin_rails_options'
	from C:/Ruby40-x64/lib/ruby/4.0.0/optparse.rb:1818:in 'block in 
OptionParser#parse_in_order'
	from C:/Ruby40-x64/lib/ruby/4.0.0/optparse.rb:930:in 
'OptionParser::List#search'
	from C:/Ruby40-x64/lib/ruby/4.0.0/optparse.rb:1949:in 'block in 
OptionParser#visit'
	from C:/Ruby40-x64/lib/ruby/4.0.0/optparse.rb:1948:in 'Array#reverse_each'
	from C:/Ruby40-x64/lib/ruby/4.0.0/optparse.rb:1948:in 'OptionParser#visit'
	from C:/Ruby40-x64/lib/ruby/4.0.0/optparse.rb:1818:in 
'OptionParser#parse_in_order'
	from C:/Ruby40-x64/lib/ruby/4.0.0/optparse.rb:1728:in 'OptionParser#order!'
	from C:/Ruby40-x64/lib/ruby/4.0.0/optparse.rb:1853:in 'OptionParser#permute!'
	from C:/Ruby40-x64/lib/ruby/4.0.0/optparse.rb:1878:in 'OptionParser#parse!'
	from 
C:/Ruby40-x64/lib/ruby/gems/4.0.0/gems/minitest-6.0.4/lib/minitest.rb:254:in 
'block in Minitest.process_args'
	from C:/Ruby40-x64/lib/ruby/4.0.0/optparse.rb:1192:in 
'OptionParser#initialize'
	from 
C:/Ruby40-x64/lib/ruby/gems/4.0.0/gems/minitest-6.0.4/lib/minitest.rb:160:in 
'Class#new'
	from 
C:/Ruby40-x64/lib/ruby/gems/4.0.0/gems/minitest-6.0.4/lib/minitest.rb:160:in 
'Minitest.process_args'
	from 
C:/Ruby40-x64/lib/ruby/gems/4.0.0/gems/minitest-6.0.4/lib/minitest.rb:300:in 
'Minitest.run'
	from 
C:/Ruby40-x64/lib/ruby/gems/4.0.0/gems/minitest-6.0.4/lib/minitest.rb:84:in 
'block in Minitest.autorun'
C:/Ruby40-x64/lib/ruby/4.0.0/bundler/rubygems_integration.rb:215:in 'block (2 
levels) in Kernel#replace_gem': sqlite3 is not part of the bundle. Add it to 
your Gemfile. (Gem::LoadError)
	from C:/Ruby40-x64/lib/ruby/gems/4.0.0/gems/activerecord-8.1.3/lib/active_reco
rd/connection_adapters/sqlite3_adapter.rb:14:in '<main>'
	from C:/Ruby40-x64/lib/ruby/4.0.0/bundled_gems.rb:60:in 'Kernel.require'
	from C:/Ruby40-x64/lib/ruby/4.0.0/bundled_gems.rb:60:in 'block (2 levels) in 
Kernel#replace_require'
	from C:/Ruby40-x64/lib/ruby/gems/4.0.0/gems/bootsnap-1.23.0/lib/bootsnap/load_
path_cache/core_ext/kernel_require.rb:33:in 'Kernel#require'
	from C:/Ruby40-x64/lib/ruby/gems/4.0.0/gems/zeitwerk-2.7.5/lib/zeitwerk/core_e
xt/kernel.rb:34:in 'Kernel#require'
	from C:/Ruby40-x64/lib/ruby/gems/4.0.0/gems/activerecord-8.1.3/lib/active_reco
rd/connection_adapters.rb:44:in 'ActiveRecord::ConnectionAdapters.resolve'
	from C:/Ruby40-x64/lib/ruby/gems/4.0.0/gems/activerecord-8.1.3/lib/active_reco
rd/database_configurations/database_config.rb:18:in 
'ActiveRecord::DatabaseConfigurations::DatabaseConfig#adapter_class'
	from C:/Ruby40-x64/lib/ruby/gems/4.0.0/gems/activerecord-8.1.3/lib/active_reco
rd/database_configurations/database_config.rb:30:in 
'ActiveRecord::DatabaseConfigurations::DatabaseConfig#validate!'
	from C:/Ruby40-x64/lib/ruby/gems/4.0.0/gems/activerecord-8.1.3/lib/active_reco
rd/connection_adapters/abstract/connection_handler.rb:275:in 
'ActiveRecord::ConnectionAdapters::ConnectionHandler#resolve_pool_config'
	from C:/Ruby40-x64/lib/ruby/gems/4.0.0/gems/activerecord-8.1.3/lib/active_reco
rd/connection_adapters/abstract/connection_handler.rb:118:in 
'ActiveRecord::ConnectionAdapters::ConnectionHandler#establish_connection'
	from C:/Ruby40-x64/lib/ruby/gems/4.0.0/gems/activerecord-8.1.3/lib/active_reco
rd/connection_handling.rb:53:in 
'ActiveRecord::ConnectionHandling#establish_connection'
	from C:/Ruby40-x64/lib/ruby/gems/4.0.0/gems/activerecord-8.1.3/lib/active_reco
rd/railtie.rb:265:in 'block (2 levels) in <class:Railtie>'
	from C:/Ruby40-x64/lib/ruby/gems/4.0.0/gems/activesupport-8.1.3/lib/active_sup
port/lazy_load_hooks.rb:97:in 'Module#class_eval'
	from C:/Ruby40-x64/lib/ruby/gems/4.0.0/gems/activesupport-8.1.3/lib/active_sup
port/lazy_load_hooks.rb:97:in 'block in 
ActiveSupport::LazyLoadHooks#execute_hook'
	from C:/Ruby40-x64/lib/ruby/gems/4.0.0/gems/activesupport-8.1.3/lib/active_sup
port/lazy_load_hooks.rb:87:in 
'ActiveSupport::LazyLoadHooks#with_execution_control'
	from C:/Ruby40-x64/lib/ruby/gems/4.0.0/gems/activesupport-8.1.3/lib/active_sup
port/lazy_load_hooks.rb:92:in 'ActiveSupport::LazyLoadHooks#execute_hook'
	from C:/Ruby40-x64/lib/ruby/gems/4.0.0/gems/activesupport-8.1.3/lib/active_sup
port/lazy_load_hooks.rb:78:in 'block in 
ActiveSupport::LazyLoadHooks#run_load_hooks'
	from C:/Ruby40-x64/lib/ruby/gems/4.0.0/gems/activesupport-8.1.3/lib/active_sup
port/lazy_load_hooks.rb:77:in 'Array#each'
	from C:/Ruby40-x64/lib/ruby/gems/4.0.0/gems/activesupport-8.1.3/lib/active_sup
port/lazy_load_hooks.rb:77:in 'ActiveSupport::LazyLoadHooks#run_load_hooks'
	from C:/Ruby40-x64/lib/ruby/gems/4.0.0/gems/activerecord-8.1.3/lib/active_reco
rd/base.rb:336:in '<module:ActiveRecord>'
	from C:/Ruby40-x64/lib/ruby/gems/4.0.0/gems/activerecord-8.1.3/lib/active_reco
rd/base.rb:15:in '<main>'
	from C:/Ruby40-x64/lib/ruby/4.0.0/bundled_gems.rb:60:in 'Kernel.require'
	from C:/Ruby40-x64/lib/ruby/4.0.0/bundled_gems.rb:60:in 'block (2 levels) in 
Kernel#replace_require'
	from C:/Ruby40-x64/lib/ruby/gems/4.0.0/gems/bootsnap-1.23.0/lib/bootsnap/load_
path_cache/core_ext/kernel_require.rb:33:in 'Kernel#require'
	from C:/Ruby40-x64/lib/ruby/gems/4.0.0/gems/zeitwerk-2.7.5/lib/zeitwerk/core_e
xt/kernel.rb:34:in 'Kernel#require'
	from C:/Ruby40-x64/lib/ruby/gems/4.0.0/gems/activerecord-8.1.3/lib/active_reco
rd/migration.rb:755:in 'ActiveRecord::Migration.db_configs_in_current_env'
	from C:/Ruby40-x64/lib/ruby/gems/4.0.0/gems/activerecord-8.1.3/lib/active_reco
rd/migration.rb:749:in 'ActiveRecord::Migration.any_schema_needs_update?'
	from C:/Ruby40-x64/lib/ruby/gems/4.0.0/gems/activerecord-8.1.3/lib/active_reco
rd/migration.rb:710:in 'ActiveRecord::Migration.load_schema_if_pending!'
	from C:/Ruby40-x64/lib/ruby/gems/4.0.0/gems/activerecord-8.1.3/lib/active_reco
rd/migration.rb:719:in 'block in ActiveRecord::Migration.maintain_test_schema!'
	from C:/Ruby40-x64/lib/ruby/gems/4.0.0/gems/activerecord-8.1.3/lib/active_reco
rd/migration.rb:1036:in 'ActiveRecord::Migration#suppress_messages'
	from C:/Ruby40-x64/lib/ruby/gems/4.0.0/gems/activerecord-8.1.3/lib/active_reco
rd/migration.rb:724:in 'ActiveRecord::Migration.method_missing'
	from C:/Ruby40-x64/lib/ruby/gems/4.0.0/gems/activerecord-8.1.3/lib/active_reco
rd/migration.rb:719:in 'ActiveRecord::Migration.maintain_test_schema!'
	from C:/Ruby40-x64/lib/ruby/gems/4.0.0/gems/railties-8.1.3/lib/rails/testing/m
aintain_test_schema.rb:5:in '<main>'
	from C:/Ruby40-x64/lib/ruby/4.0.0/bundled_gems.rb:60:in 'Kernel.require'
	from C:/Ruby40-x64/lib/ruby/4.0.0/bundled_gems.rb:60:in 'block (2 levels) in 
Kernel#replace_require'
	from C:/Ruby40-x64/lib/ruby/gems/4.0.0/gems/bootsnap-1.23.0/lib/bootsnap/load_
path_cache/core_ext/kernel_require.rb:33:in 'Kernel#require'
	from C:/Ruby40-x64/lib/ruby/gems/4.0.0/gems/zeitwerk-2.7.5/lib/zeitwerk/core_e
xt/kernel.rb:34:in 'Kernel#require'
	from C:/Ruby40-x64/lib/ruby/gems/4.0.0/gems/railties-8.1.3/lib/rails/test_help
.rb:13:in '<main>'
	from C:/Ruby40-x64/lib/ruby/4.0.0/bundled_gems.rb:60:in 'Kernel.require'
	from C:/Ruby40-x64/lib/ruby/4.0.0/bundled_gems.rb:60:in 'block (2 levels) in 
Kernel#replace_require'
	from C:/Ruby40-x64/lib/ruby/gems/4.0.0/gems/bootsnap-1.23.0/lib/bootsnap/load_
path_cache/core_ext/kernel_require.rb:33:in 'Kernel#require'
	from C:/Ruby40-x64/lib/ruby/gems/4.0.0/gems/zeitwerk-2.7.5/lib/zeitwerk/core_e
xt/kernel.rb:34:in 'Kernel#require'
	from C:/Users/wharr/OneDrive/Masters Spring CS 
397/Project/project-next-step-assistant/test/test_helper.rb:3:in '<main>'
	from C:/Ruby40-x64/lib/ruby/4.0.0/bundled_gems.rb:60:in 'Kernel.require'
	from C:/Ruby40-x64/lib/ruby/4.0.0/bundled_gems.rb:60:in 'block (2 levels) in 
Kernel#replace_require'
	from C:/Ruby40-x64/lib/ruby/gems/4.0.0/gems/bootsnap-1.23.0/lib/bootsnap/load_
path_cache/core_ext/kernel_require.rb:33:in 'Kernel#require'
	from C:/Ruby40-x64/lib/ruby/gems/4.0.0/gems/zeitwerk-2.7.5/lib/zeitwerk/core_e
xt/kernel.rb:34:in 'Kernel#require'
	from C:/Users/wharr/OneDrive/Masters Spring CS 397/Project/project-next-step-a
ssistant/test/controllers/home_controller_test.rb:1:in '<main>'
	from C:/Ruby40-x64/lib/ruby/4.0.0/bundled_gems.rb:60:in 'Kernel.require'
	from C:/Ruby40-x64/lib/ruby/4.0.0/bundled_gems.rb:60:in 'block (2 levels) in 
Kernel#replace_require'
	from C:/Ruby40-x64/lib/ruby/gems/4.0.0/gems/bootsnap-1.23.0/lib/bootsnap/load_
path_cache/core_ext/kernel_require.rb:33:in 'Kernel#require'
	from C:/Ruby40-x64/lib/ruby/gems/4.0.0/gems/zeitwerk-2.7.5/lib/zeitwerk/core_e
xt/kernel.rb:34:in 'Kernel#require'
	from C:/Ruby40-x64/lib/ruby/gems/4.0.0/gems/railties-8.1.3/lib/rails/test_unit
/runner.rb:71:in 'block in Rails::TestUnit::Runner.load_tests'
	from C:/Ruby40-x64/lib/ruby/gems/4.0.0/gems/railties-8.1.3/lib/rails/test_unit
/runner.rb:69:in 'Array#each'
	from C:/Ruby40-x64/lib/ruby/gems/4.0.0/gems/railties-8.1.3/lib/rails/test_unit
/runner.rb:69:in 'Rails::TestUnit::Runner.load_tests'
	from C:/Ruby40-x64/lib/ruby/gems/4.0.0/gems/railties-8.1.3/lib/minitest/rails_
plugin.rb:147:in 'block in Minitest.plugin_rails_options'
	from C:/Ruby40-x64/lib/ruby/4.0.0/optparse.rb:1818:in 'block in 
OptionParser#parse_in_order'
	from C:/Ruby40-x64/lib/ruby/4.0.0/optparse.rb:930:in 
'OptionParser::List#search'
	from C:/Ruby40-x64/lib/ruby/4.0.0/optparse.rb:1949:in 'block in 
OptionParser#visit'
	from C:/Ruby40-x64/lib/ruby/4.0.0/optparse.rb:1948:in 'Array#reverse_each'
	from C:/Ruby40-x64/lib/ruby/4.0.0/optparse.rb:1948:in 'OptionParser#visit'
	from C:/Ruby40-x64/lib/ruby/4.0.0/optparse.rb:1818:in 
'OptionParser#parse_in_order'
	from C:/Ruby40-x64/lib/ruby/4.0.0/optparse.rb:1728:in 'OptionParser#order!'
	from C:/Ruby40-x64/lib/ruby/4.0.0/optparse.rb:1853:in 'OptionParser#permute!'
	from C:/Ruby40-x64/lib/ruby/4.0.0/optparse.rb:1878:in 'OptionParser#parse!'
	from 
C:/Ruby40-x64/lib/ruby/gems/4.0.0/gems/minitest-6.0.4/lib/minitest.rb:254:in 
'block in Minitest.process_args'
	from C:/Ruby40-x64/lib/ruby/4.0.0/optparse.rb:1192:in 
'OptionParser#initialize'
	from 
C:/Ruby40-x64/lib/ruby/gems/4.0.0/gems/minitest-6.0.4/lib/minitest.rb:160:in 
'Class#new'
	from 
C:/Ruby40-x64/lib/ruby/gems/4.0.0/gems/minitest-6.0.4/lib/minitest.rb:160:in 
'Minitest.process_args'
	from 
C:/Ruby40-x64/lib/ruby/gems/4.0.0/gems/minitest-6.0.4/lib/minitest.rb:300:in 
'Minitest.run'
	from 
C:/Ruby40-x64/lib/ruby/gems/4.0.0/gems/minitest-6.0.4/lib/minitest.rb:84:in 
'block in Minitest.autorun'
